// Jest Snapshot v1, https://goo.gl/fbAQLP

exports[`Render PreviewCardsList Should PreviewCardsList render correctly in CardScreen 1`] = `null`;

exports[`Render PreviewCardsList Should PreviewCardsList render correctly in Main 1`] = `
<div
  className="catalog__movies-list"
/>
`;
