// Jest Snapshot v1, https://goo.gl/fbAQLP

exports[`Should CardScreen render correctly 1`] = `null`;
