// Jest Snapshot v1, https://goo.gl/fbAQLP

exports[`Render ShowMoreButton Should ShowMoreButton render correctly 1`] = `null`;

exports[`Render ShowMoreButton Should ShowMoreButton render correctly when there are no cards to render 1`] = `null`;
