// Jest Snapshot v1, https://goo.gl/fbAQLP

exports[`Should MainContent render correctly 1`] = `
<div
  className="page-content"
>
  <section
    className="catalog"
  >
    <h2
      className="catalog__title visually-hidden"
    >
      Catalog
    </h2>
    <ul
      className="catalog__genres-list"
    >
      <li
        className="catalog__genres-item "
      >
        <a
          className="catalog__genres-link"
          href="#"
          onClick={[Function]}
        >
          All genres
        </a>
      </li>
      <li
        className="catalog__genres-item "
      >
        <a
          className="catalog__genres-link"
          href="#"
          onClick={[Function]}
        >
          Drama
        </a>
      </li>
    </ul>
    <div
      className="catalog__movies-list"
    />
  </section>
  <footer
    className="page-footer"
  >
    <div
      className="logo"
    >
      <a
        className="logo__link logo__link--light"
        href="/"
        onClick={[Function]}
      >
        <span
          className="logo__letter logo__letter--1"
        >
          W
        </span>
        <span
          className="logo__letter logo__letter--2"
        >
          T
        </span>
        <span
          className="logo__letter logo__letter--3"
        >
          W
        </span>
      </a>
    </div>
    <div
      className="copyright"
    >
      <p>
        Â© 2019 What to watch Ltd.
      </p>
    </div>
  </footer>
</div>
`;
